mlp: 532,802 parameters, 510 train / 93 val images
epoch   1  train loss 0.697 acc 0.514   val loss 0.662 acc 0.462 *
epoch   2  train loss 0.687 acc 0.545   val loss 0.624 acc 0.849 *
epoch   3  train loss 0.672 acc 0.575   val loss 0.566 acc 0.871 *
epoch   4  train loss 0.649 acc 0.643   val loss 0.515 acc 0.914 *
epoch   5  train loss 0.644 acc 0.622   val loss 0.478 acc 0.925 *
epoch   6  train loss 0.628 acc 0.635   val loss 0.451 acc 0.935 *
epoch   7  train loss 0.615 acc 0.627   val loss 0.394 acc 0.946 *
epoch  10  train loss 0.669 acc 0.588   val loss 0.413 acc 0.914
epoch  15  train loss 0.658 acc 0.608   val loss 0.401 acc 0.914
epoch  16  train loss 0.633 acc 0.627   val loss 0.390 acc 0.957 *
epoch  20  train loss 0.614 acc 0.653   val loss 0.349 acc 0.935
epoch  23  train loss 0.617 acc 0.637   val loss 0.352 acc 0.968 *
epoch  25  train loss 0.614 acc 0.645   val loss 0.322 acc 0.957
epoch  30  train loss 0.589 acc 0.676   val loss 0.313 acc 0.946
epoch  35  train loss 0.635 acc 0.639   val loss 0.301 acc 0.968
epoch  40  train loss 0.604 acc 0.651   val loss 0.300 acc 0.935
epoch  45  train loss 0.589 acc 0.655   val loss 0.279 acc 0.957
epoch  50  train loss 0.593 acc 0.675   val loss 0.298 acc 0.925
epoch  55  train loss 0.595 acc 0.663   val loss 0.292 acc 0.946
epoch  60  train loss 0.594 acc 0.673   val loss 0.300 acc 0.946

best val acc 0.968   confusion [[O->O 36, O->X 2], [X->O 1, X->X 54]]
outputs -> runs/mlp/  (3 val mistakes)
DONE
