cnn: 285,634 parameters, 510 train / 93 val images
epoch   1  train loss 0.694 acc 0.508   val loss 0.656 acc 0.624 *
epoch   2  train loss 0.681 acc 0.549   val loss 0.587 acc 0.935 *
epoch   3  train loss 0.651 acc 0.620   val loss 0.459 acc 0.968 *
epoch   5  train loss 0.555 acc 0.704   val loss 0.289 acc 0.978 *
epoch  10  train loss 0.497 acc 0.735   val loss 0.162 acc 0.989 *
epoch  15  train loss 0.411 acc 0.780   val loss 0.091 acc 0.989
epoch  20  train loss 0.431 acc 0.804   val loss 0.074 acc 0.989
epoch  21  train loss 0.418 acc 0.804   val loss 0.077 acc 1.000 *
epoch  25  train loss 0.331 acc 0.833   val loss 0.042 acc 1.000
epoch  30  train loss 0.386 acc 0.829   val loss 0.046 acc 1.000
epoch  35  train loss 0.349 acc 0.833   val loss 0.043 acc 1.000
epoch  40  train loss 0.355 acc 0.837   val loss 0.070 acc 0.968
epoch  45  train loss 0.302 acc 0.859   val loss 0.036 acc 1.000
epoch  50  train loss 0.333 acc 0.853   val loss 0.053 acc 0.978
epoch  55  train loss 0.295 acc 0.863   val loss 0.043 acc 0.989
epoch  60  train loss 0.280 acc 0.880   val loss 0.024 acc 1.000

best val acc 1.000   confusion [[O->O 38, O->X 0], [X->O 0, X->X 55]]
outputs -> runs/cnn_faint/  (0 val mistakes)
DONE
